account

eyJ0eXAiOiJKV1QiLCJhbGciOiJSUzUxMiJ9.eyJzaWQiOiJhMmMxYmQ4NS0xYjJiLTQ5ZmItYmVlYS00NDI2YWRmNDY1YzEiLCJzcHIiOiJBenVyZSIsImF1ZCI6Imh0dHA6Ly90ZXN0LWZyLWlzbC5iZWluLW1hc3NpdmUuY29tL0lTTC9BcGkvVjEvRGF0YXNlcnZpY2UiLCJzdWIiOiJDYXRhbG9nIiwiZXhwIjoxNjAzOTgzNjg1LCJ1c2VyQWNjb3VudElkIjoiYjg3YzVmN2IyOTcwNGRjMmI0ZmQ3ZWFiM2FmZDBmYzAiLCJ1c2VyUHJvZmlsZUlkIjoiYjg3YzVmN2IyOTcwNGRjMmI0ZmQ3ZWFiM2FmZDBmYzAiLCJlbWFpbCI6ImI4N2M1ZjdiMjk3MDRkYzJiNGZkN2VhYjNhZmQwZmMwQGV4YW1wbGUuY29tIiwiZGV2aWNlIjoidHZfYW5kcm9pZCIsInZhbGlkVW50aWwiOjE2MTE2Njc4ODUsImFhdCI6ImV5SmhiR2NpT2lKU1V6STFOaUlzSW5SNWNDSTZJa3BYVkNKOS5leUp6ZFdJaU9pSmhNbU14WW1RNE5TMHhZakppTFRRNVptSXRZbVZsWVMwME5ESTJZV1JtTkRZMVl6RWlMQ0pxZEdraU9pSmxNRGRqTm1Wa1pTMWpaRGt5TFRRMk1Ua3RPVGM0WVMwMU56UXdaREUzWldNMk5EVWlMQ0oxWkdraU9pSTBaRGRoWkdVNVpEZzNZalUyWVdJd05ERXpPRFJqWldSak5UZzJZVEF4WlRBM016azJPR014SWl3aWNIUnJJam9pZTF3aVEyOTFiblJjSWpvd0xGd2lWWE5sY2tsa1pXNTBhV1pwWlhKY0lqcGNJbUV5WXpGaVpEZzFMVEZpTW1JdE5EbG1ZaTFpWldWaExUUTBNalpoWkdZME5qVmpNVndpTEZ3aVVHOXNhV041WENJNlhDSkNNa05mTVY5emFXZHVYM1Z3WDI5eVgzTnBaMjVmYVc1Y0lpeGNJa05zWVdsdGMxd2lPbnRjSW5WelpYSnVZVzFsWENJNlhDSjBaWE4wTG1aeVlXNWpaVEZBYjNCbGJuUnlZWE5vTG1OdmJWd2lmWDBpTENKMWMyVnlibUZ0WlNJNkluUmxjM1F1Wm5KaGJtTmxNVUJ2Y0dWdWRISmhjMmd1WTI5dElpd2ljbTlzWlNJNkluVnpaWElpTENKdVltWWlPakUyTURNNU56Z3lPRFVzSW1WNGNDSTZNVFl3TXprNE5UUTROU3dpYVhOeklqb2lZbVZwYmlJc0ltRjFaQ0k2SW5SemRDMWpiR2xsYm5SekluMC5rLUx6SUstUG5jLWJaOUVXajVQd1JCQi0wRlZZTHpmWWE0N1d2ODA1Z05vbXRhWlczbzQwdWc1WUliYUJfQ1FKUTkwZzFMRkdfS0czOWkzMk5xSnA0S2U2bDdERlhWYUxjZDZKcXZMZFZRc240YnBka3hTS1I2V0R2eTZPOEVNNlBiaHd5dGh1UEM3V3ZaZlFFdFlzWmQtdDVqQjVWT3VoMkhxZC1iazhZT3hDb0gyUGdkRUxlT1lEUVJoa2Q3Z1JIMDZrTzl2Q0xyb3o2V0ZaZDc3STNnMjJmMWNjMGxmU2tPOGVFSjVNR0VUdXkxV25NaklpV2w0TU1rUGNVSzd1TkR6OFF2Y3pQM0xjUTk4Q2Nrb0cwOGdHSHRrUlVYYkt0VWVqaGFNdlp3ajdXc3ZXZkVmSTdFOU8yR3IyZWlQVmhmTFRqVXZDM2NSNUxnMGZUa1FyOGciLCJhcnQiOiJDZkRKOEdOUlRWajZkZWRKa0V4NEotSzd4aWppMjBOdzNseWVLaktmSGtyNUpTRVBiSkxIeFRiUVJqblo4YWNGUERWRG4ybl9vbDFneV9sV2xmdUtoaXJ6c05EZ2lha3BnQ2VNMHVYeVBob0dtVHoyX21CUkdTTDhFMHJCaVVqT2FnbWltRWNrSGRRa18tSmxPVy0zNnBkVG5GNFhfSDJFTlJlTGsxSlpTOVJkaTFpYlFEQm5NQTZxeV9ld1NvNkpoaW9vTjBVWTZSVUxXQkZYbTdBSWFhN1hIclJKS3VyV0ZLX3lSVFNFYXF1a2d5aThxZTEta0ZxcmVrNEJKZkxsa3dWaFZfYW9WaWtHSE1EUHNvTV9QSllRR1dZWjdpUmRMb1FiQ2l6VXNpY0hnNDVxZU5CcW5tS2dzMjBKQmI3RU1XMDQ4eG1UWmNUZHd3dHhuZlNrenNiUm9JU05vWGd1NDRobFg0UW9qSFNLQ1FJbmJnM3otQTJob3lreS1XcklCQ1B4UUxfRHpESFFyTklad3ZJTWhqVE81NXpKSHVpR28tUFNVMmNwYk9oUWduanVzb3hjUGl2Z1NFNlh4RVpTQ3B1RHJmLXpQTFZJMEtQXy1OWDVDUE4ycEIyMEJtam9DNlVGbDVJRnR0UmtBc2hZenFBdUZHM0VzQUh2MHJ1OGJsOXJQNTZVNEhfTGJwMi10WWNWZE5LOEE1Z3E4Rk9zU2s0MGZWUW9wVDlJZlA2dkJ6VmZaeUdrUEZkREJPMEZmRVNJQ1JlNWwzazZpbnJDMG5yTnVlMU96X1V0bTc0cDRkQ2xDMmU4NndOZ0V1dEhfTkZaanlaU0hiNXlIVVk3VGlMdW1oVVFpMl9KNlFfWWJLNWw1dFpuXy0xdG9jZENMbk50LVRKV0xPZnBnMTl1WWlodkVsMm42X3hFRGVNWG5VU0pUVUJSQUpHR244SlJFOHJyUl9RWWlNXzhkNE9uNzhPYnUxRW16LUJjMVNUNDRRWS1tck1GN1YyYkpkWHBadWJuWmtRUlpJTjFaZHR3XzRIRDVqcjRtWnMwMHhSYmhhTk1POFFTRFo0MUxETFhLd1VKUFY2djFCVGVrY09YY0gxb1ZyVHRXYTVzc21lRHJhT2JObzQzaFowYjluWHBNb2pJbUFDT1g2WWxGdmIwY1dWYUU4NDlodWxTME5nTGZXaGNTT1BmNzNGU1phdlZyaUx6R2JpTFRNMGdLMDkyLTctMGVqb2ZqWDJIeThfR2lnYjNSc2JPV2c1aVRXZDdySDI5RWlaa2k5TTh0ZFBQMWU0Y0NqQ3VhWklBWkpaU3RBQTVvVGFLVmg1RVAtLTEiLCJwcm92aWRlciI6IkF6dXJlIn0.LGoDmyYdmzijR7oVQHgBaTOGZ62oCkipnNCMpSzcmAwohd-JMbsWuff0BWKcMYdmPgBkn2Dt9jrfE1VEpHz5ybmGXLkDlobKpYgE3vCSTZaXCUws2HF-aJh6ZR2VhNObfmgz4_jFavjMr1RTus_YdFKi6-sXWO88MDbXtsVq_YBTzFtvFbonY5_lVU9JPq2fAncuGfadJUj1AxMIYu-FrEluMc5Br0x7slA6H6fZIY916U5QGQjnEkmDyCMG40MSWQSQUPAZhjzmc_KxlV3-dCnsbrbJuXioymuTYGqim788Woo-IyssB9CPj1D0VEJSRuSTQumt4TTN5E5_DPLKIg






profile

eyJ0eXAiOiJKV1QiLCJhbGciOiJSUzUxMiJ9.eyJzaWQiOiJhMmMxYmQ4NS0xYjJiLTQ5ZmItYmVlYS00NDI2YWRmNDY1YzEiLCJzcHIiOiJBenVyZSIsImF1ZCI6Imh0dHA6Ly90ZXN0LWZyLWlzbC5iZWluLW1hc3NpdmUuY29tL0lTTC9BcGkvVjEvRGF0YXNlcnZpY2UiLCJzdWIiOiJDYXRhbG9nIiwiZXhwIjoxNjAzOTgzNjg1LCJ1c2VyQWNjb3VudElkIjoiYjg3YzVmN2IyOTcwNGRjMmI0ZmQ3ZWFiM2FmZDBmYzAiLCJkZWZhdWx0VXNlclByb2ZpbGVJZCI6ImI4N2M1ZjdiMjk3MDRkYzJiNGZkN2VhYjNhZmQwZmMwIiwidXNlclByb2ZpbGVJZCI6ImI4N2M1ZjdiMjk3MDRkYzJiNGZkN2VhYjNhZmQwZmMwIiwiZW1haWwiOiJiODdjNWY3YjI5NzA0ZGMyYjRmZDdlYWIzYWZkMGZjMEBleGFtcGxlLmNvbSIsImRldmljZSI6InR2X2FuZHJvaWQiLCJmaXJzdExvZ2luRGF0ZSI6MTU3NjQ4NDk2OCwibGFzdExvZ2luRGF0ZSI6MTYwMzk3NzUxNCwic2Vzc2lvbkRhdGUiOjE2MDM5Nzc1MTQsInNlc3Npb25Db3VudCI6MjU1NywiYWF0IjoiZXlKaGJHY2lPaUpTVXpJMU5pSXNJblI1Y0NJNklrcFhWQ0o5LmV5SnpkV0lpT2lKaE1tTXhZbVE0TlMweFlqSmlMVFE1Wm1JdFltVmxZUzAwTkRJMllXUm1ORFkxWXpFaUxDSnFkR2tpT2lJMVkyVTJNREk1WXkwNFkyTTBMVFJtT1RrdE9XUXpNQzAwWlROaU1EUmtPRFF5TTJFaUxDSjFaR2tpT2lJMFpEZGhaR1U1WkRnM1lqVTJZV0l3TkRFek9EUmpaV1JqTlRnMllUQXhaVEEzTXprMk9HTXhJaXdpY0hScklqb2llMXdpUTI5MWJuUmNJam93TEZ3aVZYTmxja2xrWlc1MGFXWnBaWEpjSWpwY0ltRXlZekZpWkRnMUxURmlNbUl0TkRsbVlpMWlaV1ZoTFRRME1qWmhaR1kwTmpWak1Wd2lMRndpVUc5c2FXTjVYQ0k2WENKQ01rTmZNVjl6YVdkdVgzVndYMjl5WDNOcFoyNWZhVzVjSWl4Y0lrTnNZV2x0YzF3aU9udGNJblZ6WlhKdVlXMWxYQ0k2WENKMFpYTjBMbVp5WVc1alpURkFiM0JsYm5SeVlYTm9MbU52YlZ3aWZYMGlMQ0oxYzJWeWJtRnRaU0k2SW5SbGMzUXVabkpoYm1ObE1VQnZjR1Z1ZEhKaGMyZ3VZMjl0SWl3aWNtOXNaU0k2SW5WelpYSWlMQ0p1WW1ZaU9qRTJNRE01TnpneU9EVXNJbVY0Y0NJNk1UWXdNems0TlRRNE5Td2lhWE56SWpvaVltVnBiaUlzSW1GMVpDSTZJblJ6ZEMxamJHbGxiblJ6SW4wLmVvV0NxeGNTMDgyME5kS1JZS0hxZi1JVVN1SVlZVmlVcDhuMFV0aE5DVDZnaEpwVGhaUnluaEg2YjlRLWViOW9UTVBrYWNJYW1UaUlEY1dvQm1TMmIzbG1pdWJWTUxocjRBX2ZicUgzLW5mUmFyRzZGbHFaRjJTLTk2SFhETVV0c255dTdQdExRdE5sNXpZNlh0VmdQWHZhUmppYnluYVF1Unp2eGJocjRtcXg2eXg3ZVcybkhlWXIwM3M2ODVyeXNnU1U5UERkY01zR3FUdDBQS1Qyc1AzWWh1WnF2VmZkYlFDek1DaVZnWkF0YWthbHhjU1B4dVE5U21ldThUYU9xNFpfanM3UW93XzYxRkFNZHM2SDhjc3NYV1Q5Q01QWVlNT1pRTEpENlZaNUhuQWF2MVJtWUxTVTVQcm1hXzdmaS1NMzlHRzMzOTlrajc4NjBNMU9EdyIsImFydCI6IkNmREo4R05SVFZqNmRlZEprRXg0Si1LN3hpZ0xrTGxNRTRFNXJIa3c2TGFZX3k2S1U5ZVBjNG5iZE1ub0l0NXVjTHV4bVoxNllidl9jZkk3NkRIOUFHLV9jTkFDbmxuOHlyOE4tUTU1cml1Z1dleS1LSVhTNzFJVGxJX0xiNUZpVVVXOHo1aHlCYjZPOTljWUFIQ3QzRGN0YU1veWhsRWg0SVNuY2VkcHZWREJxbEFnYmgzblY2N1pqcTBJUkhZV0VQb1Z4WEVWQW1MRkw1Tm1xU2JpSEs1LVJlVVpsbm4xS3E4SnhwUGtPSzdBMjdJUHZjOTZmVGNFcW9FYUxnWmE4aFlSc0NWRzFJdGRyWXlVQk9wWlJsUVIxTVJIN1JKRlFmMTlXNE1wX25PTzFyc29yS29RaTJYZVEyNVNMNmNUY2ZIZG12ZUFMdGNCQ1VmYWFyRTBSZEx5Zi1WQUszZ3EwMWt3aU5LZ2hIdk9uNF9NT25nVlRHS3g2bnc4VGNLQkJlYXVsS3RaOWk3d3J2NGRmUENxcm00QzEzLW45TUh4WVBmYVNQNVBHRkhMNERPUWpIZnZUUzdwa19LemhvWTRJNzAzX3kwWEI0dnFjcHRScmozdF9uX0tpYXJKSzR2VVdXbDN6YThGYW9JcUxfNzYxMFVCZW9MMENLWlBVdWhPOWhKS3dERG5lcUUzdXFTRzFWeXVHa25FeVI2UTBoWEIwbW12NkhfWC0zVGF1R0F6RkhtcXZ2X09NOGxkQWtSV05CY0xjZDZ2Q2hTaWpIeFdEaDFGa2NWaE1HZzJOOUdqbzl5dGhwV1BRVWtFTHc0TmVrLVgzMWpZQWZZZE5fU3FOM01ud3lWZ0psekZIV1djUUlBZ29ZVE1TVUlrSzV3Z1dGWGdpMzBBUEs4UE5DMUVqcUxTTzZmS2tHMEQ5VERpRHVWbUxvTHM0eVF3b0dTSUItWU9VZ09aYS1rMDMtRFhYTml1Z1l3M3JCeS1SXzh3V0ZjMF9UcE8yZDNQVEd3N0stODNuT29WQ09HZk1BRWpSWVlwUEtCQTBXRUV0M09CNlBJemN3dUU2bmRKdHRwQ2lXUjNLendyMUpBc0N5NVhzaDdPaC1iNWh5YXdnbEtrYWRKU0dLUlFlMlllZnAtVndjc1RBNmFQRkczX2Z2SU5sbWNhUzQ5QThmZkQ1bzUtODBodGNzYkJBZWc3Z1FfWEtBZ3Bra05MelpCd3gwUXZMeFQwUTdfVzZIR3hWZEc2SDZleklvSHJIQkxvSUJrdU5jQjYyblh6aUM1OGlycjRnbVRHTk50R2llZUY0N1FYR2pYYnZJaGpJdTBLSzN3aiIsInByb3ZpZGVyIjoiQXp1cmUifQ.8fjPE8oi8xbXtzpJgZ0RVMF6EclA-ilDWlj6hIu2W0ey_2tXTfwA1T1bUQOqDL_u8eiFwsj64K-wwZ3Qsg3YcyQJjjcq3JYOMYcTpyHfWUIAmMbwTpAnUuKxp1WXZsQ3118zjs52fhybQp2nIuKil-Bs95YJK2_tcnhUkpxvurj4W7XFr8oyiAgYT-HMMnqsZeToVNfiEEim2Be4_ceVdIutSTk3eOey9xsmSqu2oPG07PXuR--p-i7obpNLjw0B5CEASayvKQTdxpyINcCaJ0Jx4jaQD8xgNMevxLqZlwD_v_L9X8sBtnli1jDMu7DTRr5dtSUNKJkWffvQJQx5eQ